------------------------------------------------------------
Timing Analyzer Summary
------------------------------------------------------------

Type  : Slow 1100mV 85C Model Setup 'clk'
Slack : -0.947
TNS   : -8.943

Type  : Slow 1100mV 85C Model Hold 'clk'
Slack : 0.207
TNS   : 0.000

Type  : Slow 1100mV 85C Model Minimum Pulse Width 'clk'
Slack : -0.724
TNS   : -13.022

Type  : Slow 1100mV 0C Model Setup 'clk'
Slack : -0.939
TNS   : -8.613

Type  : Slow 1100mV 0C Model Hold 'clk'
Slack : 0.308
TNS   : 0.000

Type  : Slow 1100mV 0C Model Minimum Pulse Width 'clk'
Slack : -0.724
TNS   : -13.352

Type  : Fast 1100mV 85C Model Setup 'clk'
Slack : 0.261
TNS   : 0.000

Type  : Fast 1100mV 85C Model Hold 'clk'
Slack : 0.139
TNS   : 0.000

Type  : Fast 1100mV 85C Model Minimum Pulse Width 'clk'
Slack : -0.059
TNS   : -0.580

Type  : Fast 1100mV 0C Model Setup 'clk'
Slack : 0.320
TNS   : 0.000

Type  : Fast 1100mV 0C Model Hold 'clk'
Slack : 0.145
TNS   : 0.000

Type  : Fast 1100mV 0C Model Minimum Pulse Width 'clk'
Slack : -0.071
TNS   : -0.700

------------------------------------------------------------
